../Core/Src/ESP8266.c:35:9:Wifi_WaitForString.constprop	40	static
../Core/Src/ESP8266.c:35:9:Wifi_WaitForString.constprop	40	static
../Core/Src/ESP8266.c:7:9:Wifi_SendRaw	16	static
../Core/Src/ESP8266.c:22:9:Wifi_SendString	16	static
../Core/Src/ESP8266.c:27:9:Wifi_SendStringAndWait	16	static
../Core/Src/ESP8266.c:35:9:Wifi_WaitForString	56	dynamic
../Core/Src/ESP8266.c:81:9:Get_UNIX_Seconds	4	static
../Core/Src/ESP8266.c:94:9:Wifi_ReturnString	16	static
../Core/Src/ESP8266.c:125:9:Wifi_ReturnStrings	32	dynamic
../Core/Src/ESP8266.c:157:9:Wifi_ReturnInteger	16	static
../Core/Src/ESP8266.c:167:9:Wifi_ReturnFloat	16	static
../Core/Src/ESP8266.c:177:6:Wifi_RemoveChar	0	static
../Core/Src/ESP8266.c:189:6:Wifi_RxClear	8	static
../Core/Src/ESP8266.c:196:6:Wifi_TxClear	0	static
../Core/Src/ESP8266.c:201:6:Wifi_RxCallBack	0	static
../Core/Src/ESP8266.c:209:9:Wifi_Init	32	static
../Core/Src/ESP8266.c:232:9:Wifi_Restart	32	static
../Core/Src/ESP8266.c:253:9:Wifi_DeepSleep	32	static
../Core/Src/ESP8266.c:274:9:Wifi_FactoryReset	32	static
../Core/Src/ESP8266.c:293:9:Wifi_Update	32	static
../Core/Src/ESP8266.c:314:9:Wifi_SetRfPower	32	static
../Core/Src/ESP8266.c:333:9:Wifi_SetMode	32	static
../Core/Src/ESP8266.c:353:9:Wifi_GetMode	32	static
../Core/Src/ESP8266.c:376:9:Wifi_GetMyIp	32	static
../Core/Src/ESP8266.c:397:9:Wifi_Station_ConnectToAp	40	static
../Core/Src/ESP8266.c:422:9:Wifi_Station_Disconnect	32	static
../Core/Src/ESP8266.c:441:9:Wifi_Station_SetIp	40	static
../Core/Src/ESP8266.c:461:9:Wifi_Station_DhcpEnable	32	static
../Core/Src/ESP8266.c:484:9:Wifi_Station_DhcpIsEnable	32	static
../Core/Src/ESP8266.c:528:10:Wifi_SoftAp_Create	64	static
../Core/Src/ESP8266.c:552:9:Wifi_GetApConnection	40	static
../Core/Src/ESP8266.c:601:10:Wifi_SoftAp_GetConnectedDevices	64	static
../Core/Src/ESP8266.c:638:10:Wifi_TcpIp_GetConnectionStatus	48	static
../Core/Src/ESP8266.c:682:10:Wifi_TcpIp_Ping	32	static
../Core/Src/ESP8266.c:703:10:Wifi_TcpIp_SetMultiConnection	32	static
../Core/Src/ESP8266.c:724:10:Wifi_TcpIp_GetMultiConnection	32	static
../Core/Src/ESP8266.c:746:10:Wifi_TcpIp_StartTcpConnection	40	static
../Core/Src/ESP8266.c:783:10:Wifi_TcpIp_StartUdpConnection	40	static
../Core/Src/ESP8266.c:805:10:Wifi_TcpIp_Close	32	static
../Core/Src/ESP8266.c:827:10:Wifi_TcpIp_SetEnableTcpServer	40	static
../Core/Src/ESP8266.c:860:10:Wifi_TcpIp_SetDisableTcpServer	32	static
../Core/Src/ESP8266.c:879:10:Wifi_TcpIp_SendDataUdp	40	static
../Core/Src/ESP8266.c:909:10:Wifi_TcpIp_SendDataTcp	40	static
