../Core/Inc/website.h:39:6:extract_param	24	static
../Core/Src/main.c:46:6:HAL_TIM_PeriodElapsedCallback	8	static
../Core/Src/main.c:246:6:SystemClock_Config	88	static,ignoring_inline_asm
../Core/Src/main.c:401:5:_write	4	static,ignoring_inline_asm
../Core/Src/main.c:409:9:esp_client_init	48	static
../Core/Src/main.c:457:9:esp_server_init	48	static
../Core/Src/main.c:490:9:esp_update_AP	152	static
../Core/Src/main.c:74:5:main	128	static,ignoring_inline_asm
../Core/Src/main.c:528:6:Error_Handler	0	static,ignoring_inline_asm
