../Core/Src/ESP8266.c:9:6:HAL_UART_RxCpltCallback	16	static
../Core/Src/ESP8266.c:16:9:Wifi_SendRaw	16	static
../Core/Src/ESP8266.c:27:9:Wifi_SendString	16	static
../Core/Src/ESP8266.c:32:9:Wifi_SendStringAndWait	16	static
../Core/Src/ESP8266.c:39:9:Wifi_WaitForString	64	dynamic
../Core/Src/ESP8266.c:68:9:WiFi_GetTime	64	static
../Core/Src/ESP8266.c:105:9:WiFi_GetWeather	104	static
../Core/Src/ESP8266.c:155:9:Wifi_ExtractPostParam	40	static
../Core/Src/ESP8266.c:171:9:Wifi_ReturnString	32	static
../Core/Src/ESP8266.c:198:9:Wifi_ReturnStrings	64	dynamic
../Core/Src/ESP8266.c:223:9:Wifi_ReturnInteger	24	static
../Core/Src/ESP8266.c:231:9:Wifi_ReturnFloat	24	static
../Core/Src/ESP8266.c:239:6:Wifi_RemoveChar	24	static
../Core/Src/ESP8266.c:250:6:Wifi_RxClear	8	static
../Core/Src/ESP8266.c:257:6:Wifi_TxClear	8	static
../Core/Src/ESP8266.c:262:6:Wifi_RxCallBack	8	static
../Core/Src/ESP8266.c:269:9:Wifi_Init	24	static
../Core/Src/ESP8266.c:290:9:Wifi_Restart	24	static
../Core/Src/ESP8266.c:310:9:Wifi_FactoryReset	24	static
../Core/Src/ESP8266.c:328:9:Wifi_Update	24	static
../Core/Src/ESP8266.c:348:9:Wifi_SetRfPower	32	static
../Core/Src/ESP8266.c:366:9:Wifi_SetMode	32	static
../Core/Src/ESP8266.c:385:9:Wifi_GetMode	24	static
../Core/Src/ESP8266.c:406:9:Wifi_GetMyIp	32	static
../Core/Src/ESP8266.c:428:9:Wifi_Station_ConnectToAp	40	static
../Core/Src/ESP8266.c:450:9:Wifi_Station_Disconnect	24	static
../Core/Src/ESP8266.c:468:9:Wifi_Station_SetIp	40	static
../Core/Src/ESP8266.c:487:9:Wifi_Station_DhcpEnable	32	static
../Core/Src/ESP8266.c:509:9:Wifi_Station_DhcpIsEnable	24	static
../Core/Src/ESP8266.c:551:9:Wifi_SoftAp_Create	48	static
../Core/Src/ESP8266.c:575:9:Wifi_GetApConnection	40	static
../Core/Src/ESP8266.c:625:9:Wifi_SoftAp_GetConnectedDevices	56	static
../Core/Src/ESP8266.c:659:9:Wifi_TcpIp_GetConnectionStatus	56	static
../Core/Src/ESP8266.c:700:9:Wifi_TcpIp_Ping	32	static
../Core/Src/ESP8266.c:719:9:Wifi_TcpIp_SetMultiConnection	32	static
../Core/Src/ESP8266.c:738:9:Wifi_TcpIp_GetMultiConnection	24	static
../Core/Src/ESP8266.c:758:9:Wifi_TcpIp_StartTcpConnection	40	static
../Core/Src/ESP8266.c:790:9:Wifi_TcpIp_StartUdpConnection	40	static
../Core/Src/ESP8266.c:809:9:Wifi_TcpIp_Close	32	static
../Core/Src/ESP8266.c:828:9:Wifi_TcpIp_SetEnableTcpServer	32	static
../Core/Src/ESP8266.c:857:9:Wifi_TcpIp_SetDisableTcpServer	32	static
../Core/Src/ESP8266.c:875:9:Wifi_TcpIp_SendDataUdp	32	static
../Core/Src/ESP8266.c:901:9:Wifi_TcpIp_SendDataTcp	32	static
