../Core/Src/ESP8266.c:9:6:HAL_UART_RxCpltCallback	16	static
../Core/Src/ESP8266.c:16:9:Wifi_SendRaw	16	static
../Core/Src/ESP8266.c:27:9:Wifi_SendString	16	static
../Core/Src/ESP8266.c:32:9:Wifi_SendStringAndWait	16	static
../Core/Src/ESP8266.c:39:9:Wifi_WaitForString	64	dynamic
../Core/Src/ESP8266.c:68:9:WiFi_GetTime	72	static
../Core/Src/ESP8266.c:111:9:WiFi_GetWeather	104	static
../Core/Src/ESP8266.c:161:9:Wifi_ExtractPostParam	40	static
../Core/Src/ESP8266.c:177:9:Wifi_ReturnString	32	static
../Core/Src/ESP8266.c:204:9:Wifi_ReturnStrings	64	dynamic
../Core/Src/ESP8266.c:229:9:Wifi_ReturnInteger	24	static
../Core/Src/ESP8266.c:236:9:Wifi_ReturnFloat	24	static
../Core/Src/ESP8266.c:244:6:Wifi_RemoveChar	24	static
../Core/Src/ESP8266.c:255:6:Wifi_RxClear	8	static
../Core/Src/ESP8266.c:262:6:Wifi_TxClear	8	static
../Core/Src/ESP8266.c:267:6:Wifi_RxCallBack	8	static
../Core/Src/ESP8266.c:274:9:Wifi_Init	24	static
../Core/Src/ESP8266.c:295:9:Wifi_Restart	24	static
../Core/Src/ESP8266.c:315:9:Wifi_FactoryReset	24	static
../Core/Src/ESP8266.c:333:9:Wifi_Update	24	static
../Core/Src/ESP8266.c:353:9:Wifi_SetRfPower	32	static
../Core/Src/ESP8266.c:371:9:Wifi_SetMode	32	static
../Core/Src/ESP8266.c:390:9:Wifi_GetMode	24	static
../Core/Src/ESP8266.c:412:9:Wifi_GetMyIp	32	static
../Core/Src/ESP8266.c:434:9:Wifi_Station_ConnectToAp	40	static
../Core/Src/ESP8266.c:456:9:Wifi_Station_Disconnect	24	static
../Core/Src/ESP8266.c:474:9:Wifi_Station_SetIp	40	static
../Core/Src/ESP8266.c:493:9:Wifi_Station_DhcpEnable	32	static
../Core/Src/ESP8266.c:515:9:Wifi_Station_DhcpIsEnable	24	static
../Core/Src/ESP8266.c:557:9:Wifi_SoftAp_Create	48	static
../Core/Src/ESP8266.c:581:9:Wifi_GetApConnection	40	static
../Core/Src/ESP8266.c:631:9:Wifi_SoftAp_GetConnectedDevices	56	static
../Core/Src/ESP8266.c:665:9:Wifi_TcpIp_GetConnectionStatus	56	static
../Core/Src/ESP8266.c:706:9:Wifi_TcpIp_Ping	32	static
../Core/Src/ESP8266.c:727:9:Wifi_TcpIp_SetMultiConnection	32	static
../Core/Src/ESP8266.c:746:9:Wifi_TcpIp_GetMultiConnection	24	static
../Core/Src/ESP8266.c:767:9:Wifi_TcpIp_StartTcpConnection	40	static
../Core/Src/ESP8266.c:799:9:Wifi_TcpIp_StartUdpConnection	40	static
../Core/Src/ESP8266.c:818:9:Wifi_TcpIp_Close	32	static
../Core/Src/ESP8266.c:837:9:Wifi_TcpIp_SetEnableTcpServer	32	static
../Core/Src/ESP8266.c:866:9:Wifi_TcpIp_SetDisableTcpServer	32	static
../Core/Src/ESP8266.c:884:9:Wifi_TcpIp_SendDataUdp	32	static
../Core/Src/ESP8266.c:910:9:Wifi_TcpIp_SendDataTcp	32	static
