../Drivers/CMSIS/Include/core_cm4.h:2064:26:ITM_SendChar	16	static,ignoring_inline_asm
../Core/Src/main.c:45:6:HAL_TIM_PeriodElapsedCallback	24	static
../Core/Src/main.c:75:5:main	80	static
../Core/Src/main.c:228:6:SystemClock_Config	88	static
../Core/Src/main.c:256:13:MX_SPI1_Init	8	static
../Core/Src/main.c:273:13:MX_TIM1_Init	32	static
../Core/Src/main.c:295:13:MX_TIM2_Init	64	static
../Core/Src/main.c:326:13:MX_TIM3_Init	32	static
../Core/Src/main.c:347:13:MX_USART1_UART_Init	8	static
../Core/Src/main.c:360:13:MX_GPIO_Init	40	static
../Core/Src/main.c:383:5:_write	32	static
../Core/Src/main.c:391:9:esp_init	16	static
../Core/Src/main.c:424:6:Error_Handler	4	static,ignoring_inline_asm
