../Drivers/CMSIS/Include/core_cm4.h:2064:26:ITM_SendChar	16	static,ignoring_inline_asm
../Core/Src/main.c:86:6:HAL_TIM_PeriodElapsedCallback	24	static
../Core/Src/main.c:103:6:HAL_UART_RxCpltCallback	16	static
../Core/Src/main.c:114:5:main	72	static
../Core/Src/main.c:227:6:SystemClock_Config	88	static
../Core/Src/main.c:273:13:MX_SPI1_Init	8	static
../Core/Src/main.c:311:13:MX_TIM1_Init	32	static
../Core/Src/main.c:357:13:MX_TIM2_Init	64	static
../Core/Src/main.c:416:13:MX_TIM3_Init	32	static
../Core/Src/main.c:461:13:MX_USART1_UART_Init	8	static
../Core/Src/main.c:494:13:MX_GPIO_Init	40	static
../Core/Src/main.c:520:5:_write	32	static
../Core/Src/main.c:528:9:esp_init	16	static
../Core/Src/main.c:564:9:esp_get_time	8	static
../Core/Src/main.c:588:6:Error_Handler	4	static,ignoring_inline_asm
